
> top-line-frontend@1.0.0 build
> next build

Γû▓ Next.js 16.1.6 (Turbopack)

  Creating an optimized production build ...
node.exe : 
At line:1 char:1
+ & "C:\Program Files\nodejs/node.exe" "C:\Program Files\nodejs/node_mo ...
+ ~~~~~~~~~~~~~~~~~~~~~~~~~~~~~~~~~~~~~~~~~~~~~~~~~~~~~~~~~~~~~~~~~~~~~
    + CategoryInfo          : NotSpecified: (:String) [], RemoteException
    + FullyQualifiedErrorId : NativeCommandError
 
> Build error occurred
Error: Turbopack build failed with 1 errors:
./app/account/page.tsx:231:73
Parsing ecmascript source code failed
[0m [90m 229 |[39m
 [90m 230 |[39m             {[90m/* Wishlist Section */[39m}
[31m[1m>[22m[39m[90m 231 |[39m             [33m<[39m[33msection[39m 
className[33m=[39m[32m"border border-neutral-200 bg-white 
p-6"[39m[33m>>[39m
 [90m     |[39m                                                              
           [31m[1m^[22m[39m
 [90m 232 |[39m               [33m<[39m[33mh2[39m 
className[33m=[39m[32m"flex items-center gap-2 text-lg font-semibold 
text-neutral-900 mb-4"[39m[33m>[39m
 [90m 233 |[39m                 [33m<[39m[33mHeartIcon[39m 
className[33m=[39m[32m"h-5 w-5"[39m [33m/[39m[33m>[39m
 [90m 234 |[39m                 [33mWishlist[39m[0m

Unexpected token. Did you mean `{'>'}` or `&gt;`?


    at <unknown> (./app/account/page.tsx:231:73)
